// Jest Snapshot v1, https://goo.gl/fbAQLP

exports[`should throw if user already has a chat created 1`] = `
Object {
  "extensions": Object {
    "code": "INTERNAL_SERVER_ERROR",
    "exception": Object {
      "details": Object {},
      "error": "chatroom-found",
      "eventData": Object {},
      "isClientSafe": true,
      "reason": "Each account may have only one chatroom.",
    },
  },
  "locations": Array [
    Object {
      "column": 3,
      "line": 2,
    },
  ],
  "message": "Each account may have only one chatroom.",
  "path": Array [
    "createChatroom",
  ],
}
`;
